// Jest Snapshot v1, https://goo.gl/fbAQLP

exports[`AuthorsTable component Should render AuthorsTable component with default props 1`] = `
<div>
  <div
    class="w-full"
  >
    <h1
      class="mb-8 text-xl md:text-2xl"
    >
      Authors
    </h1>
    <div
      class="relative flex flex-1 flex-shrink-0"
    >
      <label
        class="sr-only"
        for="search"
      >
        Search
      </label>
      <input
        class="peer block w-full rounded-md border border-gray-200 py-[9px] pl-10 text-sm outline-2 placeholder:text-gray-500"
        placeholder="Search authors..."
        value="test"
      />
      <svg
        aria-hidden="true"
        class="absolute left-3 top-1/2 h-[18px] w-[18px] -translate-y-1/2 text-gray-500 peer-focus:text-gray-900"
        data-slot="icon"
        fill="none"
        stroke="currentColor"
        stroke-width="1.5"
        viewBox="0 0 24 24"
        xmlns="http://www.w3.org/2000/svg"
      >
        <path
          d="m21 21-5.197-5.197m0 0A7.5 7.5 0 1 0 5.196 5.196a7.5 7.5 0 0 0 10.607 10.607Z"
          stroke-linecap="round"
          stroke-linejoin="round"
        />
      </svg>
    </div>
    <div
      class="mt-6 flow-root"
    >
      <div
        class="overflow-x-auto"
      >
        <div
          class="inline-block min-w-full align-middle"
        >
          <div
            class="overflow-hidden rounded-md bg-gray-50 p-2 md:pt-0"
          >
            <div
              class="md:hidden"
            />
            <table
              class="hidden min-w-full rounded-md text-gray-900 md:table"
            >
              <thead
                class="rounded-md bg-gray-50 text-left text-sm font-normal"
              >
                <tr>
                  <th
                    class="px-4 py-5 font-medium sm:pl-6"
                    scope="col"
                  >
                    Name
                  </th>
                  <th
                    class="px-3 py-5 font-medium"
                    scope="col"
                  >
                    Email
                  </th>
                  <th
                    class="px-3 py-5 font-medium"
                    scope="col"
                  >
                    Total Products
                  </th>
                  <th
                    class="px-3 py-5 font-medium"
                    scope="col"
                  >
                    Total Pending
                  </th>
                  <th
                    class="px-4 py-5 font-medium"
                    scope="col"
                  >
                    Total Paid
                  </th>
                </tr>
              </thead>
              <tbody
                class="divide-y divide-gray-200 text-gray-900"
              />
            </table>
          </div>
        </div>
      </div>
    </div>
  </div>
</div>
`;
