// Jest Snapshot v1, https://goo.gl/fbAQLP

exports[`Button component Should render Button component with default props 1`] = `
<div>
  <button
    class="z-0 group relative inline-flex items-center justify-center box-border appearance-none select-none whitespace-nowrap subpixel-antialiased overflow-hidden tap-highlight-transparent data-[pressed=true]:scale-[0.97] outline-none data-[focus-visible=true]:z-10 data-[focus-visible=true]:outline-2 data-[focus-visible=true]:outline-focus data-[focus-visible=true]:outline-offset-2 [&>svg]:max-w-[theme(spacing.8)] transition-transform-colors-opacity motion-reduce:transition-none data-[hover=true]:opacity-hover border-transparent font-semibold p bg-primary uppercase text-white px-4 min-w-20 h-9 text-xs gap-2 rounded-xl"
    type="button"
  >
    Click
  </button>
</div>
`;

exports[`Button component should render Button component with default props 1`] = `
<div>
  <button
    class="z-0 group relative inline-flex items-center justify-center box-border appearance-none select-none whitespace-nowrap subpixel-antialiased overflow-hidden tap-highlight-transparent data-[pressed=true]:scale-[0.97] outline-none data-[focus-visible=true]:z-10 data-[focus-visible=true]:outline-2 data-[focus-visible=true]:outline-focus data-[focus-visible=true]:outline-offset-2 min-w-20 gap-2 rounded-medium [&>svg]:max-w-[theme(spacing.8)] transition-transform-colors-opacity motion-reduce:transition-none data-[hover=true]:opacity-hover border-transparent font-semibold bg-primary-100 disabled:bg-background-400 text-primary-500 py-10 px-20 h-21 text-xs"
    type="button"
  >
    Click me
  </button>
</div>
`;
