// Jest Snapshot v1, https://goo.gl/fbAQLP

exports[`ProductsTable component Should render ProductsTable component with default props 1`] = `<div />`;
