// Jest Snapshot v1, https://goo.gl/fbAQLP

exports[`AnalyticsCards component Should render AnalyticsCards component with default props 1`] = `<div />`;
