// Jest Snapshot v1, https://goo.gl/fbAQLP

exports[`SaleChart component Should render SaleChart component with default props 1`] = `<div />`;
